[2026-06-06 09:43:42.645] [SYSTEM ] ============================================================
[2026-06-06 09:43:42.646] [SYSTEM ] MigraPulse backend started on port 3001
[2026-06-06 09:43:42.646] [SYSTEM ] AI enabled: true | Error codes loaded: 80
[2026-06-06 09:43:42.646] [SYSTEM ] ============================================================
[2026-06-06 09:44:39.920] [INFO   ] ZIP preview — Migration detailed report-2026-06-06T0441126.zip | {"affectedUsers":1,"totalErrors":74}
[2026-06-06 09:44:39.921] [INFO   ] POST /api/preview-migration → 200 | {"duration":"1176ms"}
[2026-06-06 09:44:49.902] [INFO   ] Processing started — Migration detailed report-2026-06-06T0441126.zip | {"affectedUsers":1}
[2026-06-06 09:44:50.794] [SUCCESS] Email sent — kari_snyder@chs.net | {"errorCount":74,"paStatus":202}
[2026-06-06 09:44:51.094] [SUCCESS] Processing complete — Migration detailed report-2026-06-06T0441126.zip | {"successCount":1,"failedCount":0,"durationMs":"1954ms"}
[2026-06-06 09:44:51.095] [INFO   ] POST /api/process-migration → 200 | {"duration":"2150ms"}
[2026-06-06 09:45:01.614] [CHAT   ] Q: hii | {"replyLen":251,"durationMs":"352ms"}
[2026-06-06 09:45:01.615] [INFO   ] POST /api/chat → 200 | {"duration":"353ms"}
[2026-06-06 09:45:14.036] [CHAT   ] Q: Summary of this run | {"replyLen":232,"durationMs":"448ms"}
[2026-06-06 09:45:14.037] [INFO   ] POST /api/chat → 200 | {"duration":"449ms"}
[2026-06-06 09:45:37.590] [INFO   ] GET /favicon.ico → 404 | {"duration":"2ms"}
[2026-06-06 09:57:04.785] [CHAT   ] Q: how can i exportt the data | {"replyLen":167,"durationMs":"272ms"}
[2026-06-06 09:57:04.786] [INFO   ] POST /api/chat → 200 | {"duration":"273ms"}
[2026-06-06 10:08:53.650] [CHAT   ] Q: can you explain about this tool | {"replyLen":275,"durationMs":"342ms"}
[2026-06-06 10:08:53.651] [INFO   ] POST /api/chat → 200 | {"duration":"343ms"}
[2026-06-06 10:09:20.103] [CHAT   ] Q: it offers solution for unknown errors | {"replyLen":127,"durationMs":"192ms"}
[2026-06-06 10:09:20.103] [INFO   ] POST /api/chat → 200 | {"duration":"192ms"}
[2026-06-06 10:09:35.231] [CHAT   ] Q: good | {"replyLen":100,"durationMs":"399ms"}
[2026-06-06 10:09:35.231] [INFO   ] POST /api/chat → 200 | {"duration":"399ms"}
[2026-06-06 10:09:51.909] [CHAT   ] Q: no thank you | {"replyLen":40,"durationMs":"268ms"}
[2026-06-06 10:09:51.909] [INFO   ] POST /api/chat → 200 | {"duration":"268ms"}
[2026-06-06 10:10:18.223] [CHAT   ] Q: now how many runs completed | {"replyLen":63,"durationMs":"496ms"}
[2026-06-06 10:10:18.224] [INFO   ] POST /api/chat → 200 | {"duration":"497ms"}
[2026-06-06 10:10:51.684] [CHAT   ] Q: can you explain me about the activity logs | {"replyLen":164,"durationMs":"279ms"}
[2026-06-06 10:10:51.684] [INFO   ] POST /api/chat → 200 | {"duration":"280ms"}
[2026-06-06 10:11:07.436] [CHAT   ] Q: ok thank you | {"replyLen":65,"durationMs":"283ms"}
[2026-06-06 10:11:07.437] [INFO   ] POST /api/chat → 200 | {"duration":"284ms"}
[2026-06-06 10:11:18.071] [CHAT   ] Q: go head | {"replyLen":206,"durationMs":"399ms"}
[2026-06-06 10:11:18.072] [INFO   ] POST /api/chat → 200 | {"duration":"400ms"}
[2026-06-06 10:11:32.889] [CHAT   ] Q: which errors are ignorable | {"replyLen":171,"durationMs":"383ms"}
[2026-06-06 10:11:32.891] [INFO   ] POST /api/chat → 200 | {"duration":"385ms"}
[2026-06-06 10:12:41.746] [INFO   ] ZIP preview — Migration detailed report-2026-06-06T1005142.zip | {"affectedUsers":1,"totalErrors":99}
[2026-06-06 10:12:41.748] [INFO   ] POST /api/preview-migration → 200 | {"duration":"391ms"}
[2026-06-06 10:12:53.217] [CHAT   ] Q: Summary of this run | {"replyLen":183,"durationMs":"572ms"}
[2026-06-06 10:12:53.218] [INFO   ] POST /api/chat → 200 | {"duration":"573ms"}
[2026-06-06 10:13:15.673] [CHAT   ] Q: What actions are needed? | {"replyLen":193,"durationMs":"217ms"}
[2026-06-06 10:13:15.673] [INFO   ] POST /api/chat → 200 | {"duration":"217ms"}
[2026-06-06 10:13:38.472] [CHAT   ] Q: what are ignorable errors | {"replyLen":128,"durationMs":"335ms"}
[2026-06-06 10:13:38.472] [INFO   ] POST /api/chat → 200 | {"duration":"335ms"}
[2026-06-06 10:16:45.785] [CHAT   ] Q: MEXPORTFILERESTRICTED  can you explain in detail | {"replyLen":264,"durationMs":"593ms"}
[2026-06-06 10:16:45.786] [INFO   ] POST /api/chat → 200 | {"duration":"594ms"}
[2026-06-06 10:41:32.940] [SYSTEM ] ============================================================
[2026-06-06 10:41:32.941] [SYSTEM ] MigraPulse backend started on port 3001
[2026-06-06 10:41:32.941] [SYSTEM ] AI enabled: true | Error codes loaded: 80
[2026-06-06 10:41:32.941] [SYSTEM ] ============================================================
[2026-06-06 10:41:40.879] [CHAT   ] Q: hello | {"replyLen":29,"durationMs":"59ms"}
[2026-06-06 10:41:40.883] [INFO   ] POST /api/chat → 200 | {"duration":"63ms"}
[2026-06-06 10:41:58.711] [CHAT   ] Q: kk | {"replyLen":29,"durationMs":"29ms"}
[2026-06-06 10:41:58.712] [INFO   ] POST /api/chat → 200 | {"duration":"30ms"}
[2026-06-06 10:43:57.199] [SYSTEM ] ============================================================
[2026-06-06 10:43:57.200] [SYSTEM ] MigraPulse backend started on port 3001
[2026-06-06 10:43:57.200] [SYSTEM ] AI enabled: true | Error codes loaded: 80
[2026-06-06 10:43:57.201] [SYSTEM ] ============================================================
[2026-06-06 10:44:06.811] [CHAT   ] Q: Explain the top errors | {"replyLen":29,"durationMs":"112ms"}
[2026-06-06 10:44:06.813] [INFO   ] POST /api/chat → 200 | {"duration":"114ms"}
[2026-06-06 10:44:28.894] [INFO   ] GET /health → 200 | {"duration":"1ms"}
[2026-06-06 10:45:52.803] [CHAT   ] Q: What actions are needed? | {"replyLen":29,"durationMs":"35ms"}
[2026-06-06 10:45:52.804] [INFO   ] POST /api/chat → 200 | {"duration":"36ms"}
[2026-06-06 10:46:28.251] [CHAT   ] Q: hi | {"replyLen":29,"durationMs":"39ms"}
[2026-06-06 10:46:28.254] [INFO   ] POST /api/chat → 200 | {"duration":"42ms"}
[2026-06-06 10:47:33.703] [SYSTEM ] ============================================================
[2026-06-06 10:47:33.704] [SYSTEM ] MigraPulse backend started on port 3001
[2026-06-06 10:47:33.704] [SYSTEM ] AI enabled: true | Error codes loaded: 80
[2026-06-06 10:47:33.704] [SYSTEM ] ============================================================
[2026-06-06 10:47:54.268] [CHAT   ] Q: hi | {"replyLen":25,"durationMs":"81ms"}
[2026-06-06 10:47:54.270] [INFO   ] POST /api/chat → 200 | {"duration":"83ms"}
[2026-06-06 10:50:43.939] [SYSTEM ] ============================================================
[2026-06-06 10:50:43.940] [SYSTEM ] MigraPulse backend started on port 3001
[2026-06-06 10:50:43.940] [SYSTEM ] AI enabled: true | Error codes loaded: 80
[2026-06-06 10:50:43.941] [SYSTEM ] ============================================================
[2026-06-06 10:51:10.023] [CHAT   ] Q: hi | {"replyLen":25,"durationMs":"86ms"}
[2026-06-06 10:51:10.026] [INFO   ] POST /api/chat → 200 | {"duration":"89ms"}
[2026-06-06 10:56:17.116] [SYSTEM ] ============================================================
[2026-06-06 10:56:17.117] [SYSTEM ] MigraPulse backend started on port 3001
[2026-06-06 10:56:17.118] [SYSTEM ] AI enabled: true | Error codes loaded: 80
[2026-06-06 10:56:17.118] [SYSTEM ] ============================================================
[2026-06-06 10:56:28.480] [CHAT   ] Q: Which users need help? | {"replyLen":25,"durationMs":"60ms"}
[2026-06-06 10:56:28.482] [INFO   ] POST /api/chat → 200 | {"duration":"62ms"}
[2026-06-06 10:57:13.166] [SYSTEM ] ============================================================
[2026-06-06 10:57:13.168] [SYSTEM ] MigraPulse backend started on port 3001
[2026-06-06 10:57:13.168] [SYSTEM ] AI enabled: true | Error codes loaded: 80
[2026-06-06 10:57:13.168] [SYSTEM ] ============================================================
[2026-06-06 10:57:30.384] [CHAT   ] Q: hi | {"replyLen":25,"durationMs":"113ms"}
[2026-06-06 10:57:30.387] [INFO   ] POST /api/chat → 200 | {"duration":"118ms"}
[2026-06-06 10:58:20.804] [SYSTEM ] ============================================================
[2026-06-06 10:58:20.805] [SYSTEM ] MigraPulse backend started on port 3001
[2026-06-06 10:58:20.805] [SYSTEM ] AI enabled: true | Error codes loaded: 80
[2026-06-06 10:58:20.805] [SYSTEM ] ============================================================
[2026-06-06 11:01:48.260] [SYSTEM ] ============================================================
[2026-06-06 11:01:48.261] [SYSTEM ] MigraPulse backend started on port 3001
[2026-06-06 11:01:48.261] [SYSTEM ] AI enabled: true | Error codes loaded: 80
[2026-06-06 11:01:48.262] [SYSTEM ] ============================================================
[2026-06-06 11:02:17.561] [CHAT   ] Q: Explain the top errors | {"replyLen":25,"durationMs":"60ms"}
[2026-06-06 11:02:17.562] [INFO   ] POST /api/chat → 200 | {"duration":"63ms"}
[2026-06-06 11:05:36.702] [CHAT   ] Q: hi | {"replyLen":25,"durationMs":"37ms"}
[2026-06-06 11:05:36.703] [INFO   ] POST /api/chat → 200 | {"duration":"38ms"}
[2026-06-06 11:08:54.746] [CHAT   ] Q: hello | {"replyLen":25,"durationMs":"101ms"}
[2026-06-06 11:08:54.747] [INFO   ] POST /api/chat → 200 | {"duration":"102ms"}
[2026-06-06 11:09:31.570] [CHAT   ] Q: hello | {"replyLen":25,"durationMs":"31ms"}
[2026-06-06 11:09:31.571] [INFO   ] POST /api/chat → 200 | {"duration":"32ms"}
[2026-06-06 11:10:37.948] [SYSTEM ] ============================================================
[2026-06-06 11:10:37.949] [SYSTEM ] MigraPulse backend started on port 3001
[2026-06-06 11:10:37.949] [SYSTEM ] AI enabled: true | Error codes loaded: 80
[2026-06-06 11:10:37.949] [SYSTEM ] ============================================================
[2026-06-06 11:10:52.095] [CHAT   ] Q: hello | {"replyLen":25,"durationMs":"74ms"}
[2026-06-06 11:10:52.097] [INFO   ] POST /api/chat → 200 | {"duration":"77ms"}
[2026-06-06 11:21:59.622] [SYSTEM ] ============================================================
[2026-06-06 11:21:59.623] [SYSTEM ] MigraPulse backend started on port 3001
[2026-06-06 11:21:59.623] [SYSTEM ] AI enabled: true | Error codes loaded: 80
[2026-06-06 11:21:59.623] [SYSTEM ] ============================================================
[2026-06-06 11:22:10.460] [CHAT   ] Q: Which users need help? | {"replyLen":25,"durationMs":"64ms"}
[2026-06-06 11:22:10.462] [INFO   ] POST /api/chat → 200 | {"duration":"66ms"}
[2026-06-06 11:25:02.108] [SYSTEM ] ============================================================
[2026-06-06 11:25:02.109] [SYSTEM ] MigraPulse backend started on port 3001
[2026-06-06 11:25:02.109] [SYSTEM ] AI enabled: true | Error codes loaded: 80
[2026-06-06 11:25:02.109] [SYSTEM ] ============================================================
[2026-06-06 11:25:12.804] [CHAT   ] Q: hi | {"replyLen":25,"durationMs":"60ms"}
[2026-06-06 11:25:12.807] [INFO   ] POST /api/chat → 200 | {"duration":"64ms"}
[2026-06-06 11:34:24.702] [SYSTEM ] ============================================================
[2026-06-06 11:34:24.703] [SYSTEM ] MigraPulse backend started on port 3001
[2026-06-06 11:34:24.703] [SYSTEM ] AI enabled: true | Error codes loaded: 80
[2026-06-06 11:34:24.704] [SYSTEM ] ============================================================
[2026-06-06 11:34:42.610] [CHAT   ] Q: hi | {"replyLen":207,"durationMs":"298ms"}
[2026-06-06 11:34:42.613] [INFO   ] POST /api/chat → 200 | {"duration":"301ms"}
[2026-06-06 11:35:22.123] [CHAT   ] Q: Explain the top errors | {"replyLen":1149,"durationMs":"1009ms"}
[2026-06-06 11:35:22.123] [INFO   ] POST /api/chat → 200 | {"duration":"1010ms"}
[2026-06-06 11:35:53.210] [CHAT   ] Q: Summary of the previous runs | {"replyLen":398,"durationMs":"553ms"}
[2026-06-06 11:35:53.211] [INFO   ] POST /api/chat → 200 | {"duration":"554ms"}
[2026-06-06 11:40:18.042] [CHAT   ] Q: hii | {"replyLen":163,"durationMs":"474ms"}
[2026-06-06 11:40:18.043] [INFO   ] POST /api/chat → 200 | {"duration":"474ms"}
[2026-06-06 11:40:56.893] [INFO   ] ZIP preview — Migration detailed report-2026-06-06T1005142.zip | {"affectedUsers":1,"totalErrors":99}
[2026-06-06 11:40:56.894] [INFO   ] POST /api/preview-migration → 200 | {"duration":"510ms"}
[2026-06-06 11:41:04.374] [CHAT   ] Q: Summary of this run | {"replyLen":519,"durationMs":"600ms"}
[2026-06-06 11:41:04.377] [INFO   ] POST /api/chat → 200 | {"duration":"603ms"}
[2026-06-06 11:42:10.807] [CHAT   ] Q: can you explain the errors in detail | {"replyLen":1594,"durationMs":"1370ms"}
[2026-06-06 11:42:10.808] [INFO   ] POST /api/chat → 200 | {"duration":"1371ms"}
[2026-06-06 11:42:41.027] [CHAT   ] Q: Which users need help? | {"replyLen":699,"durationMs":"823ms"}
[2026-06-06 11:42:41.028] [INFO   ] POST /api/chat → 200 | {"duration":"824ms"}
[2026-06-06 11:42:49.304] [INFO   ] Processing started — Migration detailed report-2026-06-06T1005142.zip | {"affectedUsers":1}
[2026-06-06 11:42:50.001] [ERROR  ] Email failed — neal.martin@ssc-fortsmith.com | {"errorCount":99,"error":"getaddrinfo ENOTFOUND defaultde08c40719b9427d9fe8edf254300c.08.environment.api.powerautomate.com"}
[2026-06-06 11:42:50.303] [SUCCESS] Processing complete — Migration detailed report-2026-06-06T1005142.zip | {"successCount":0,"failedCount":1,"durationMs":"1320ms"}
[2026-06-06 11:42:50.305] [INFO   ] POST /api/process-migration → 200 | {"duration":"1391ms"}
[2026-06-06 11:43:18.300] [INFO   ] ZIP preview — Migration detailed report-2026-06-06T0721421 (1).zip | {"affectedUsers":1,"totalErrors":4}
[2026-06-06 11:43:18.301] [INFO   ] POST /api/preview-migration → 200 | {"duration":"1308ms"}
[2026-06-06 11:43:22.704] [INFO   ] Processing started — Migration detailed report-2026-06-06T0721421 (1).zip | {"affectedUsers":1}
[2026-06-06 11:43:22.726] [ERROR  ] Email failed — kalvin.buckley@woodlandheights.net | {"errorCount":4,"error":"getaddrinfo ENOTFOUND defaultde08c40719b9427d9fe8edf254300c.08.environment.api.powerautomate.com"}
[2026-06-06 11:43:23.027] [SUCCESS] Processing complete — Migration detailed report-2026-06-06T0721421 (1).zip | {"successCount":0,"failedCount":1,"durationMs":"1132ms"}
[2026-06-06 11:43:23.028] [INFO   ] POST /api/process-migration → 200 | {"duration":"1279ms"}
[2026-06-06 11:43:45.759] [INFO   ] ZIP preview — Migration detailed report-2026-06-06T0641103.zip | {"affectedUsers":1,"totalErrors":102}
[2026-06-06 11:43:45.760] [INFO   ] POST /api/preview-migration → 200 | {"duration":"316ms"}
[2026-06-06 11:43:50.403] [INFO   ] Processing started — Migration detailed report-2026-06-06T0641103.zip | {"affectedUsers":1}
[2026-06-06 11:43:50.559] [ERROR  ] Email failed — neal.martin@ssc-fortsmith.com | {"errorCount":102,"error":"getaddrinfo ENOTFOUND defaultde08c40719b9427d9fe8edf254300c.08.environment.api.powerautomate.com"}
[2026-06-06 11:43:50.860] [SUCCESS] Processing complete — Migration detailed report-2026-06-06T0641103.zip | {"successCount":0,"failedCount":1,"durationMs":"651ms"}
[2026-06-06 11:43:50.861] [INFO   ] POST /api/process-migration → 200 | {"duration":"711ms"}
[2026-06-06 11:45:39.410] [INFO   ] GET /health → 200 | {"duration":"2ms"}
[2026-06-06 11:49:01.829] [SYSTEM ] ============================================================
[2026-06-06 11:49:01.831] [SYSTEM ] MigraPulse backend started on port 3001
[2026-06-06 11:49:01.831] [SYSTEM ] AI enabled: true | Error codes loaded: 80
[2026-06-06 11:49:01.831] [SYSTEM ] ============================================================
[2026-06-06 11:49:21.373] [INFO   ] ZIP preview — Migration detailed report-2026-06-06T0629435.zip | {"affectedUsers":1,"totalErrors":550}
[2026-06-06 11:49:21.377] [INFO   ] POST /api/preview-migration → 200 | {"duration":"2760ms"}
[2026-06-06 11:49:29.686] [INFO   ] Processing started — Migration detailed report-2026-06-06T0629435.zip | {"affectedUsers":1}
[2026-06-06 11:49:30.648] [ERROR  ] Email failed — kevin_myers@chs.net | {"errorCount":550,"error":"getaddrinfo ENOTFOUND defaultde08c40719b9427d9fe8edf254300c.08.environment.api.powerautomate.com"}
[2026-06-06 11:49:30.949] [SUCCESS] Processing complete — Migration detailed report-2026-06-06T0629435.zip | {"successCount":0,"failedCount":1,"durationMs":"3432ms"}
[2026-06-06 11:49:30.950] [INFO   ] POST /api/process-migration → 200 | {"duration":"3730ms"}
[2026-06-06 11:50:15.187] [INFO   ] ZIP preview — Migration detailed report-2026-06-06T0629435.zip | {"affectedUsers":1,"totalErrors":550}
[2026-06-06 11:50:15.188] [INFO   ] POST /api/preview-migration → 200 | {"duration":"2528ms"}
[2026-06-06 11:50:22.048] [INFO   ] Processing started — Migration detailed report-2026-06-06T0629435.zip | {"affectedUsers":1}
[2026-06-06 11:50:22.092] [ERROR  ] Email failed — kevin_myers@chs.net | {"errorCount":550,"error":"getaddrinfo ENOTFOUND defaultde08c40719b9427d9fe8edf254300c.08.environment.api.powerautomate.com"}
[2026-06-06 11:50:22.393] [SUCCESS] Processing complete — Migration detailed report-2026-06-06T0629435.zip | {"successCount":0,"failedCount":1,"durationMs":"2204ms"}
[2026-06-06 11:50:22.394] [INFO   ] POST /api/process-migration → 200 | {"duration":"2509ms"}
[2026-06-06 11:50:59.786] [INFO   ] GET /health → 200 | {"duration":"1ms"}
[2026-06-06 11:55:22.124] [SYSTEM ] ============================================================
[2026-06-06 11:55:22.125] [SYSTEM ] MigraPulse backend started on port 3001
[2026-06-06 11:55:22.125] [SYSTEM ] AI enabled: true | Error codes loaded: 80
[2026-06-06 11:55:22.126] [SYSTEM ] ============================================================
[2026-06-06 11:55:49.902] [INFO   ] ZIP preview — Migration detailed report-2026-06-06T0549243.zip | {"affectedUsers":1,"totalErrors":18}
[2026-06-06 11:55:49.905] [INFO   ] POST /api/preview-migration → 200 | {"duration":"1082ms"}
[2026-06-06 11:55:54.482] [INFO   ] Processing started — Migration detailed report-2026-06-06T0549243.zip | {"affectedUsers":1}
[2026-06-06 11:55:55.307] [SUCCESS] Email sent — roger_bennett@chs.net | {"errorCount":18,"paStatus":202}
[2026-06-06 11:55:55.607] [SUCCESS] Processing complete — Migration detailed report-2026-06-06T0549243.zip | {"successCount":1,"failedCount":0,"durationMs":"1781ms"}
[2026-06-06 11:55:55.613] [INFO   ] POST /api/process-migration → 200 | {"duration":"1980ms"}
[2026-06-06 11:58:40.291] [INFO   ] ZIP preview — Migration detailed report-2026-06-06T0629435.zip | {"affectedUsers":1,"totalErrors":550}
[2026-06-06 11:58:40.293] [INFO   ] POST /api/preview-migration → 200 | {"duration":"2585ms"}
[2026-06-06 11:58:47.380] [INFO   ] Processing started — Migration detailed report-2026-06-06T0629435.zip | {"affectedUsers":1}
[2026-06-06 11:58:48.553] [SUCCESS] Email sent — kevin_myers@chs.net | {"errorCount":550,"paStatus":202}
[2026-06-06 11:58:48.853] [SUCCESS] Processing complete — Migration detailed report-2026-06-06T0629435.zip | {"successCount":1,"failedCount":0,"durationMs":"3353ms"}
[2026-06-06 11:58:48.855] [INFO   ] POST /api/process-migration → 200 | {"duration":"3665ms"}
[2026-06-06 12:03:36.149] [SYSTEM ] ============================================================
[2026-06-06 12:03:36.151] [SYSTEM ] MigraPulse backend started on port 3001
[2026-06-06 12:03:36.151] [SYSTEM ] AI enabled: true | Error codes loaded: 82
[2026-06-06 12:03:36.151] [SYSTEM ] ============================================================
[2026-06-06 12:05:41.478] [INFO   ] ZIP preview — Migration detailed report-2026-06-06T0629435.zip | {"affectedUsers":1,"totalErrors":550}
[2026-06-06 12:05:41.482] [INFO   ] POST /api/preview-migration → 200 | {"duration":"2571ms"}
[2026-06-06 12:05:50.174] [INFO   ] Processing started — Migration detailed report-2026-06-06T0629435.zip | {"affectedUsers":1}
[2026-06-06 12:05:50.426] [SUCCESS] Email sent — kevin_myers@chs.net | {"errorCount":550,"paStatus":202}
[2026-06-06 12:05:50.728] [SUCCESS] Processing complete — Migration detailed report-2026-06-06T0629435.zip | {"successCount":1,"failedCount":0,"durationMs":"2504ms"}
[2026-06-06 12:05:50.730] [INFO   ] POST /api/process-migration → 200 | {"duration":"2744ms"}
[2026-06-07 06:02:57.766] [SYSTEM ] ============================================================
[2026-06-07 06:02:57.769] [SYSTEM ] MigraPulse backend started on port 3001
[2026-06-07 06:02:57.769] [SYSTEM ] AI enabled: true | Error codes loaded: 82
[2026-06-07 06:02:57.770] [SYSTEM ] ============================================================
[2026-06-07 06:03:55.854] [CHAT   ] Q: Summary of this run | {"replyLen":238,"durationMs":"654ms"}
[2026-06-07 06:03:55.856] [INFO   ] POST /api/chat → 200 | {"duration":"656ms"}
[2026-06-07 06:12:39.675] [SYSTEM ] ============================================================
[2026-06-07 06:12:39.676] [SYSTEM ] MigraPulse backend started on port 3001
[2026-06-07 06:12:39.676] [SYSTEM ] AI enabled: true | Error codes loaded: 82
[2026-06-07 06:12:39.676] [SYSTEM ] ============================================================
[2026-06-07 06:13:10.992] [CHAT   ] Q: Summary of the previous run | {"replyLen":182,"durationMs":"424ms"}
[2026-06-07 06:13:10.994] [INFO   ] POST /api/chat → 200 | {"duration":"427ms","ip":"::1"}
[2026-06-07 06:15:10.891] [INFO   ] ZIP preview — Migration detailed report-2026-06-06T0721421 (1).zip | {"affectedUsers":1,"totalErrors":4}
[2026-06-07 06:15:10.893] [INFO   ] POST /api/preview-migration → 200 | {"duration":"1763ms","ip":"::1"}
[2026-06-07 06:16:18.290] [CHAT   ] Q: Summary of this run | {"replyLen":571,"durationMs":"673ms"}
[2026-06-07 06:16:18.292] [INFO   ] POST /api/chat → 200 | {"duration":"674ms","ip":"::1"}
[2026-06-07 06:16:26.439] [CHAT   ] Q: Which users need help? | {"replyLen":605,"durationMs":"616ms"}
[2026-06-07 06:16:26.440] [INFO   ] POST /api/chat → 200 | {"duration":"617ms","ip":"::1"}
[2026-06-07 06:16:31.978] [CHAT   ] Q: What actions are needed? | {"replyLen":974,"durationMs":"832ms"}
[2026-06-07 06:16:31.979] [INFO   ] POST /api/chat → 200 | {"duration":"833ms","ip":"::1"}
[2026-06-07 06:16:35.113] [CHAT   ] Q: How many files per error? | {"replyLen":282,"durationMs":"422ms"}
[2026-06-07 06:16:35.113] [INFO   ] POST /api/chat → 200 | {"duration":"422ms","ip":"::1"}
[2026-06-07 06:16:44.848] [CHAT   ] Q: What actions are needed? | {"replyLen":518,"durationMs":"614ms"}
[2026-06-07 06:16:44.849] [INFO   ] POST /api/chat → 200 | {"duration":"615ms","ip":"::1"}
[2026-06-07 06:20:00.089] [CHAT   ] Q: How does MigraPulse work? | {"replyLen":828,"durationMs":"839ms"}
[2026-06-07 06:20:00.091] [INFO   ] POST /api/chat → 200 | {"duration":"842ms","ip":"::1"}
[2026-06-07 06:20:11.522] [CHAT   ] Q: What themes are available? | {"replyLen":303,"durationMs":"472ms"}
[2026-06-07 06:20:11.523] [INFO   ] POST /api/chat → 200 | {"duration":"473ms","ip":"::1"}
[2026-06-07 06:20:23.728] [CHAT   ] Q: What error codes are supported? | {"replyLen":750,"durationMs":"683ms"}
[2026-06-07 06:20:23.729] [INFO   ] POST /api/chat → 200 | {"duration":"684ms","ip":"::1"}
[2026-06-07 06:22:31.884] [CHAT   ] Q: How do I set up Power Automate? | {"replyLen":787,"durationMs":"868ms"}
[2026-06-07 06:22:31.885] [INFO   ] POST /api/chat → 200 | {"duration":"869ms","ip":"::1"}
[2026-06-07 06:22:40.962] [CHAT   ] Q: What error codes are supported? | {"replyLen":811,"durationMs":"580ms"}
[2026-06-07 06:22:40.962] [INFO   ] POST /api/chat → 200 | {"duration":"580ms","ip":"::1"}
[2026-06-07 06:27:05.924] [INFO   ] GET /api/error-codes → 200 | {"duration":"2ms","ip":"::1"}
[2026-06-07 06:27:06.082] [INFO   ] GET /api/error-codes → 200 | {"duration":"0ms","ip":"::1"}
[2026-06-07 06:27:52.262] [INFO   ] GET /api/error-codes → 200 | {"duration":"1ms","ip":"::1"}
[2026-06-07 06:27:52.423] [INFO   ] GET /api/error-codes → 200 | {"duration":"0ms","ip":"::1"}
[2026-06-07 06:28:01.762] [INFO   ] GET /favicon.ico → 404 | {"duration":"2ms","ip":"::1"}
[2026-06-07 06:29:12.473] [INFO   ] ZIP preview — Migration detailed report-2026-06-06T1005142.zip | {"affectedUsers":1,"totalErrors":99}
[2026-06-07 06:29:12.474] [INFO   ] POST /api/preview-migration → 200 | {"duration":"402ms","ip":"::1"}
[2026-06-07 06:29:16.191] [INFO   ] Processing started — Migration detailed report-2026-06-06T1005142.zip | {"affectedUsers":1}
[2026-06-07 06:29:18.151] [SUCCESS] Email sent — neal.martin@ssc-fortsmith.com | {"errorCount":99,"paStatus":202}
[2026-06-07 06:29:18.452] [SUCCESS] Processing complete — Migration detailed report-2026-06-06T1005142.zip | {"successCount":1,"failedCount":0,"durationMs":"2492ms"}
[2026-06-07 06:29:18.453] [INFO   ] POST /api/process-migration → 200 | {"duration":"2538ms","ip":"::1"}
[2026-06-07 06:31:48.915] [CHAT   ] Q: What error codes are supported? | {"replyLen":739,"durationMs":"694ms"}
[2026-06-07 06:31:48.915] [INFO   ] POST /api/chat → 200 | {"duration":"694ms","ip":"::1"}
[2026-06-07 06:31:54.971] [CHAT   ] Q: What themes are available? | {"replyLen":291,"durationMs":"412ms"}
[2026-06-07 06:31:54.972] [INFO   ] POST /api/chat → 200 | {"duration":"413ms","ip":"::1"}
[2026-06-07 06:32:13.816] [CHAT   ] Q: give me the summary of the last run | {"replyLen":411,"durationMs":"457ms"}
[2026-06-07 06:32:13.817] [INFO   ] POST /api/chat → 200 | {"duration":"458ms","ip":"::1"}
[2026-06-07 06:36:25.659] [SYSTEM ] ============================================================
[2026-06-07 06:36:25.660] [SYSTEM ] MigraPulse backend started on port 3001
[2026-06-07 06:36:25.660] [SYSTEM ] AI enabled: true | Error codes loaded: 82
[2026-06-07 06:36:25.660] [SYSTEM ] ============================================================
[2026-06-07 06:36:40.871] [INFO   ] GET /api/history → 200 | {"duration":"5ms"}
[2026-06-07 06:36:41.070] [INFO   ] GET /api/history → 200 | {"duration":"1ms"}
[2026-06-07 06:48:42.888] [SYSTEM ] ============================================================
[2026-06-07 06:48:42.893] [SYSTEM ] MigraPulse backend started on port 3001
[2026-06-07 06:48:42.893] [SYSTEM ] AI enabled: true | Error codes loaded: 82
[2026-06-07 06:48:42.893] [SYSTEM ] ============================================================
[2026-06-07 06:48:51.224] [INFO   ] GET /api/history → 200 | {"duration":"4ms"}
[2026-06-07 06:48:51.379] [INFO   ] GET /api/history → 200 | {"duration":"1ms"}
[2026-06-07 06:51:40.525] [INFO   ] GET /api/history → 200 | {"duration":"1ms"}
[2026-06-07 06:51:40.725] [INFO   ] GET /api/history → 200 | {"duration":"1ms"}
[2026-06-07 06:51:45.527] [INFO   ] GET /api/error-codes → 200 | {"duration":"29ms"}
[2026-06-07 06:51:45.789] [INFO   ] GET /api/error-codes → 200 | {"duration":"1ms"}
[2026-06-07 06:52:10.688] [INFO   ] ZIP preview — Migration detailed report-2026-06-06T0641103.zip | {"affectedUsers":1,"totalErrors":102}
[2026-06-07 06:52:10.690] [INFO   ] POST /api/preview-migration → 200 | {"duration":"623ms"}
[2026-06-07 06:53:36.368] [INFO   ] GET /api/history → 200 | {"duration":"1ms"}
[2026-06-07 06:53:36.546] [INFO   ] GET /api/history → 200 | {"duration":"0ms"}
[2026-06-07 06:53:48.705] [INFO   ] ZIP preview — Migration detailed report-2026-06-06T0641103.zip | {"affectedUsers":1,"totalErrors":102}
[2026-06-07 06:53:48.705] [INFO   ] POST /api/preview-migration → 200 | {"duration":"416ms"}
[2026-06-07 06:53:55.573] [INFO   ] Email preview generated for neal.martin@ssc-fortsmith.com
[2026-06-07 06:53:55.575] [INFO   ] POST /api/preview-email → 200 | {"duration":"1217ms"}
[2026-06-07 06:54:01.705] [INFO   ] Email preview generated for neal.martin@ssc-fortsmith.com
[2026-06-07 06:54:01.706] [INFO   ] POST /api/preview-email → 200 | {"duration":"356ms"}
[2026-06-07 06:54:04.910] [INFO   ] ZIP preview — Migration detailed report-2026-06-06T0641103.zip | {"affectedUsers":1,"totalErrors":102}
[2026-06-07 06:54:04.911] [INFO   ] POST /api/preview-migration → 200 | {"duration":"279ms"}
[2026-06-07 06:54:08.868] [INFO   ] Email preview generated for neal.martin@ssc-fortsmith.com
[2026-06-07 06:54:08.869] [INFO   ] POST /api/preview-email → 200 | {"duration":"345ms"}
[2026-06-07 06:55:31.277] [INFO   ] GET /api/history → 200 | {"duration":"1ms"}
[2026-06-07 06:55:31.440] [INFO   ] GET /api/history → 200 | {"duration":"0ms"}
[2026-06-07 06:55:44.486] [INFO   ] ZIP preview — Migration detailed report-2026-06-06T0641103.zip | {"affectedUsers":1,"totalErrors":102}
[2026-06-07 06:55:44.487] [INFO   ] POST /api/preview-migration → 200 | {"duration":"418ms"}
[2026-06-07 06:55:47.155] [INFO   ] Email preview generated for neal.martin@ssc-fortsmith.com
[2026-06-07 06:55:47.156] [INFO   ] POST /api/preview-email → 200 | {"duration":"317ms"}
[2026-06-07 06:56:04.142] [INFO   ] Processing started — Migration detailed report-2026-06-06T0641103.zip | {"affectedUsers":1}
[2026-06-07 06:56:04.370] [SUCCESS] Email sent — neal.martin@ssc-fortsmith.com | {"errorCount":102,"paStatus":202}
[2026-06-07 06:56:04.670] [SUCCESS] Processing complete — Migration detailed report-2026-06-06T0641103.zip | {"successCount":1,"failedCount":0,"durationMs":"762ms"}
[2026-06-07 06:56:04.670] [INFO   ] Run saved to history file | {"file":"Migration detailed report-2026-06-06T0641103.zip","sent":1,"failed":0}
[2026-06-07 06:56:04.671] [INFO   ] POST /api/process-migration → 200 | {"duration":"835ms"}
[2026-06-07 07:01:04.489] [INFO   ] GET /api/history → 200 | {"duration":"1ms"}
[2026-06-07 07:01:04.643] [INFO   ] GET /api/history → 200 | {"duration":"1ms"}
[2026-06-07 07:11:02.043] [INFO   ] GET /api/history → 200 | {"duration":"1ms"}
[2026-06-07 07:11:02.198] [INFO   ] GET /api/history → 200 | {"duration":"0ms"}
[2026-06-07 07:12:02.688] [INFO   ] ZIP preview — Migration detailed report-2026-06-06T1005142.zip | {"affectedUsers":1,"totalErrors":99}
[2026-06-07 07:12:02.688] [INFO   ] POST /api/preview-migration → 200 | {"duration":"486ms"}
[2026-06-07 07:12:06.335] [INFO   ] Email preview generated for neal.martin@ssc-fortsmith.com
[2026-06-07 07:12:06.336] [INFO   ] POST /api/preview-email → 200 | {"duration":"403ms"}
[2026-06-07 07:15:11.874] [INFO   ] GET /api/history → 200 | {"duration":"1ms"}
[2026-06-07 07:15:12.032] [INFO   ] GET /api/history → 200 | {"duration":"0ms"}
[2026-06-07 07:16:12.998] [INFO   ] ZIP preview — Migration detailed report-2026-06-06T0721421 (1).zip | {"affectedUsers":1,"totalErrors":4}
[2026-06-07 07:16:12.999] [INFO   ] POST /api/preview-migration → 200 | {"duration":"1256ms"}
[2026-06-07 07:16:16.599] [INFO   ] Email preview generated for kalvin.buckley@woodlandheights.net
[2026-06-07 07:16:16.600] [INFO   ] POST /api/preview-email → 200 | {"duration":"1072ms"}
[2026-06-07 07:18:33.221] [INFO   ] GET /api/history → 200 | {"duration":"0ms"}
[2026-06-07 07:18:33.429] [INFO   ] GET /api/history → 200 | {"duration":"2ms"}
[2026-06-07 07:19:23.125] [INFO   ] ZIP preview — Migration detailed report-2026-06-06T0629435.zip | {"affectedUsers":1,"totalErrors":550}
[2026-06-07 07:19:23.126] [INFO   ] POST /api/preview-migration → 200 | {"duration":"2755ms"}
[2026-06-07 07:19:31.577] [INFO   ] Email preview generated for kevin_myers@chs.net
[2026-06-07 07:19:31.578] [INFO   ] POST /api/preview-email → 200 | {"duration":"2733ms"}
[2026-06-07 07:21:14.529] [INFO   ] GET /api/history → 200 | {"duration":"5ms"}
[2026-06-07 07:21:14.683] [INFO   ] GET /api/history → 200 | {"duration":"1ms"}
[2026-06-07 07:21:29.302] [INFO   ] ZIP preview — Migration detailed report-2026-06-06T0721421 (1).zip | {"affectedUsers":1,"totalErrors":4}
[2026-06-07 07:21:29.302] [INFO   ] POST /api/preview-migration → 200 | {"duration":"1294ms"}
[2026-06-07 07:21:33.231] [INFO   ] Email preview generated for kalvin.buckley@woodlandheights.net
[2026-06-07 07:21:33.232] [INFO   ] POST /api/preview-email → 200 | {"duration":"1013ms"}
[2026-06-07 07:22:17.121] [INFO   ] ZIP preview — Migration detailed report-2026-06-06T0629435.zip | {"affectedUsers":1,"totalErrors":550}
[2026-06-07 07:22:17.121] [INFO   ] POST /api/preview-migration → 200 | {"duration":"2453ms"}
[2026-06-07 07:22:24.790] [INFO   ] Email preview generated for kevin_myers@chs.net
[2026-06-07 07:22:24.791] [INFO   ] POST /api/preview-email → 200 | {"duration":"2281ms"}
[2026-06-07 07:22:38.988] [SYSTEM ] ============================================================
[2026-06-07 07:22:38.990] [SYSTEM ] MigraPulse backend started on port 3001
[2026-06-07 07:22:38.990] [SYSTEM ] AI enabled: true | Error codes loaded: 82
[2026-06-07 07:22:38.990] [SYSTEM ] ============================================================
[2026-06-07 07:22:43.234] [INFO   ] GET /api/history → 200 | {"duration":"4ms"}
[2026-06-07 07:22:43.434] [INFO   ] GET /api/history → 200 | {"duration":"1ms"}
[2026-06-07 07:23:21.178] [INFO   ] ZIP preview — Migration detailed report-2026-06-06T0721421 (1).zip | {"affectedUsers":1,"totalErrors":4}
[2026-06-07 07:23:21.179] [INFO   ] POST /api/preview-migration → 200 | {"duration":"1238ms"}
[2026-06-07 07:23:26.221] [INFO   ] Email preview generated for kalvin.buckley@woodlandheights.net with theme: red
[2026-06-07 07:23:26.222] [INFO   ] POST /api/preview-email → 200 | {"duration":"1437ms"}
[2026-06-07 07:24:55.786] [INFO   ] ZIP preview — Migration detailed report-2026-06-06T0721421 (1).zip | {"affectedUsers":1,"totalErrors":4}
[2026-06-07 07:24:55.787] [INFO   ] POST /api/preview-migration → 200 | {"duration":"1110ms"}
[2026-06-07 07:25:00.794] [INFO   ] Email preview generated for kalvin.buckley@woodlandheights.net with theme: amber
[2026-06-07 07:25:00.795] [INFO   ] POST /api/preview-email → 200 | {"duration":"1073ms"}
[2026-06-07 07:27:46.995] [INFO   ] GET /api/history → 200 | {"duration":"3ms"}
[2026-06-07 07:27:47.276] [INFO   ] GET /api/history → 200 | {"duration":"1ms"}
[2026-06-07 07:28:00.726] [INFO   ] ZIP preview — Migration detailed report-2026-06-06T0907023.zip | {"affectedUsers":1,"totalErrors":42}
[2026-06-07 07:28:00.727] [INFO   ] POST /api/preview-migration → 200 | {"duration":"1199ms"}
[2026-06-07 07:28:06.623] [INFO   ] Email preview generated for gregory.griffis@chs.net with theme: amber
[2026-06-07 07:28:06.624] [INFO   ] POST /api/preview-email → 200 | {"duration":"1140ms"}
[2026-06-07 07:30:24.508] [SYSTEM ] ============================================================
[2026-06-07 07:30:24.509] [SYSTEM ] MigraPulse backend started on port 3001
[2026-06-07 07:30:24.509] [SYSTEM ] AI enabled: true | Error codes loaded: 82
[2026-06-07 07:30:24.509] [SYSTEM ] ============================================================
[2026-06-07 07:31:45.896] [SYSTEM ] ============================================================
[2026-06-07 07:31:45.897] [SYSTEM ] MigraPulse backend started on port 3001
[2026-06-07 07:31:45.897] [SYSTEM ] AI enabled: true | Error codes loaded: 82
[2026-06-07 07:31:45.897] [SYSTEM ] ============================================================
[2026-06-07 07:32:01.135] [INFO   ] GET /api/history → 200 | {"duration":"7ms"}
[2026-06-07 07:32:01.137] [INFO   ] GET /api/history → 200 | {"duration":"1ms"}
[2026-06-07 07:33:06.377] [INFO   ] ZIP preview — Migration detailed report-2026-06-06T0629435.zip | {"affectedUsers":1,"totalErrors":550}
[2026-06-07 07:33:06.378] [INFO   ] POST /api/preview-migration → 200 | {"duration":"2769ms"}
[2026-06-07 07:33:13.964] [INFO   ] Email preview generated for kevin_myers@chs.net with theme: teal
[2026-06-07 07:33:13.965] [INFO   ] POST /api/preview-email → 200 | {"duration":"2496ms"}
[2026-06-07 07:33:50.947] [INFO   ] Processing started — Migration detailed report-2026-06-06T0629435.zip | {"affectedUsers":1}
[2026-06-07 07:33:51.261] [SUCCESS] Email sent — kevin_myers@chs.net | {"errorCount":550,"paStatus":202}
[2026-06-07 07:33:51.562] [SUCCESS] Processing complete — Migration detailed report-2026-06-06T0629435.zip | {"successCount":1,"failedCount":0,"durationMs":"2803ms"}
[2026-06-07 07:33:51.563] [INFO   ] Run saved to history file | {"file":"Migration detailed report-2026-06-06T0629435.zip","sent":1,"failed":0}
[2026-06-07 07:33:51.564] [INFO   ] POST /api/process-migration → 200 | {"duration":"3052ms"}
[2026-06-07 07:34:24.288] [INFO   ] GET /api/error-codes → 200 | {"duration":"3ms"}
[2026-06-07 07:34:24.469] [INFO   ] GET /api/error-codes → 200 | {"duration":"0ms"}
